// Jest Snapshot v1, https://goo.gl/fbAQLP

exports[`Header should render 1`] = `
<header
  className="Header"
>
  <h1
    className="logo"
  >
    Shelf
  </h1>
  <Button
    disabled={false}
    fullWidth={false}
    onClick={[MockFunction]}
    tabIndex={0}
    theme="primary"
    type="button"
  >
    Create Shelf
  </Button>
</header>
`;
