// Jest Snapshot v1, https://goo.gl/fbAQLP

exports[`Shelf should render 1`] = `
<section
  className="Shelf"
>
  <div
    className="container"
  >
    <EditableField
      className="name"
      initialValue="Test Shelf"
      setValueCallback={[Function]}
      tag="h3"
    />
    <Button
      disabled={false}
      fullWidth={false}
      onClick={[Function]}
      tabIndex={0}
      theme="primary"
      type="button"
    >
      <ScreenReaderOnly>
        Delete Shelf
      </ScreenReaderOnly>
      <ReactComponent
        className="icon"
      />
    </Button>
  </div>
  <DroppableReleasesList
    droppableId="some-super-duper-unique-id-123"
    releases={
      Array [
        Object {
          "id": 76035,
          "primaryArtistName": "Swayzak",
          "title": "Dirty Dancing",
          "year": 2002,
        },
        Object {
          "id": 198657,
          "primaryArtistName": "Jazkamer",
          "title": "Sound Of Music",
          "year": 2002,
        },
        Object {
          "id": 619145,
          "primaryArtistName": "Tiga",
          "title": "Sexor",
          "year": 2006,
        },
      ]
    }
  />
</section>
`;
