// Jest Snapshot v1, https://goo.gl/fbAQLP

exports[`ReleaseItem should render 1`] = `
<article
  className="ReleaseItem"
>
  <div
    className="details"
  >
    <h4
      className="title"
    >
      Cosmogramma
    </h4>
    <h5
      className="artist"
    >
      by 
      Flying Lotus
    </h5>
    <h5
      className="year"
    >
      2010
    </h5>
  </div>
  <span
    className="dragIndicator"
  >
    ●●●
  </span>
</article>
`;
