// Jest Snapshot v1, https://goo.gl/fbAQLP

exports[`CollectionList should render 1`] = `
<section
  className="CollectionList"
>
  <DraggableReleaseItem
    id={76035}
    index={0}
    key="76035"
    primaryArtistName="Swayzak"
    title="Dirty Dancing"
    year={2002}
  />
  <DraggableReleaseItem
    id={198657}
    index={1}
    key="198657"
    primaryArtistName="Jazkamer"
    title="Sound Of Music"
    year={2002}
  />
  <DraggableReleaseItem
    id={619145}
    index={2}
    key="619145"
    primaryArtistName="Tiga"
    title="Sexor"
    year={2006}
  />
</section>
`;
